---
source: tests/ast_check.rs
expression: res
input_file: tests/input_files/heading_with_metadata.md
---
- ~
- - Heading:
      range:
        start: 0
        end: 20
      id: ~
      classes: []
      attributes: []
      level: 1
      content: this is a heading
  - Paragraph:
      range:
        start: 21
        end: 33
      children:
        - Text:
            range:
              start: 21
              end: 32
            text: hello there
  - Heading:
      range:
        start: 34
        end: 131
      id: id2
      classes:
        - class1
        - class2
      attributes:
        - - myattr
          - ~
        - - other_attr
          - myvalue
      level: 2
      content: this is another heading with attributes
