---
source: tests/ast_check.rs
expression: res
input_file: tests/input_files/footnote.md
---
- ~
- - Heading:
      range:
        start: 0
        end: 12
      id: ~
      classes: []
      attributes: []
      level: 1
      content: footnotes
      children:
        - Paragraph:
            range:
              start: 13
              end: 84
            children:
              - Text:
                  range:
                    start: 13
                    end: 76
                  text: "a footnote is a reference that is defined later. it works like "
              - FootnoteReference:
                  range:
                    start: 76
                    end: 83
                  name: this
        - Paragraph:
            range:
              start: 85
              end: 120
            children:
              - Text:
                  range:
                    start: 85
                    end: 109
                  text: "footnotes may have more "
              - FootnoteReference:
                  range:
                    start: 109
                    end: 119
                  name: content
  - Heading:
      range:
        start: 121
        end: 135
      id: ~
      classes: []
      attributes: []
      level: 2
      content: references
      children:
        - FootnoteDefinition:
            range:
              start: 136
              end: 165
            id: this
            target: this is a footnote
        - FootnoteDefinition:
            range:
              start: 165
              end: 206
            id: content
            target: it may have more content like
